❌ Error: HTTPConnectionPool(host='127.0.0.1', port=8000): Max retries exceeded with url: /query/ (Caused by NewConnectionError('<urllib3.connection.HTTPConnection object at 0x107d83770>: Failed to establish a new connection: [Errno 61] Connection refused'))
